// Jest Snapshot v1, https://goo.gl/fbAQLP

exports[`snapshot testing example matches component snapshot 1`] = `
<DocumentFragment>
  <div
    class="App"
  >
    <h1>
      13 - Snapshot Testing
    </h1>
    <p
      class="App__message"
    >
      Hello, Mahesh Sutar
    </p>
    <button
      type="button"
    >
      Get Started
    </button>
  </div>
</DocumentFragment>
`;

exports[`snapshot testing example matches snapshot of greeting text only 1`] = `
<p
  class="App__message"
>
  Hello, Mahesh Sutar
</p>
`;
